-1.755839338027
2.229234186915
-0.310331505877
-1.248728727221
1
0
